{
  "version": "1.4.0",
  "plugins_used": [
    {
      "name": "ArtifactoryDetector"
    },
    {
      "name": "AWSKeyDetector"
    },
    {
      "name": "AzureStorageKeyDetector"
    },
    {
      "name": "Base64HighEntropyString",
      "limit": 4.5
    },
    {
      "name": "BasicAuthDetector"
    },
    {
      "name": "CloudantDetector"
    },
    {
      "name": "DiscordBotTokenDetector"
    },
    {
      "name": "GitHubTokenDetector"
    },
    {
      "name": "HexHighEntropyString",
      "limit": 3.0
    },
    {
      "name": "IbmCloudIamDetector"
    },
    {
      "name": "IbmCosHmacDetector"
    },
    {
      "name": "JwtTokenDetector"
    },
    {
      "name": "KeywordDetector",
      "keyword_exclude": ""
    },
    {
      "name": "MailchimpDetector"
    },
    {
      "name": "NpmDetector"
    },
    {
      "name": "PrivateKeyDetector"
    },
    {
      "name": "SendGridDetector"
    },
    {
      "name": "SlackDetector"
    },
    {
      "name": "SoftlayerDetector"
    },
    {
      "name": "SquareOAuthDetector"
    },
    {
      "name": "StripeDetector"
    },
    {
      "name": "TwilioKeyDetector"
    }
  ],
  "filters_used": [
    {
      "path": "detect_secrets.filters.allowlist.is_line_allowlisted"
    },
    {
      "path": "detect_secrets.filters.heuristic.is_indirect_reference"
    },
    {
      "path": "detect_secrets.filters.heuristic.is_likely_id_string"
    },
    {
      "path": "detect_secrets.filters.heuristic.is_lock_file"
    },
    {
      "path": "detect_secrets.filters.heuristic.is_not_alphanumeric_string"
    },
    {
      "path": "detect_secrets.filters.heuristic.is_potential_uuid"
    },
    {
      "path": "detect_secrets.filters.heuristic.is_prefixed_with_dollar_sign"
    },
    {
      "path": "detect_secrets.filters.heuristic.is_sequential_string"
    },
    {
      "path": "detect_secrets.filters.heuristic.is_swagger_file"
    },
    {
      "path": "detect_secrets.filters.heuristic.is_templated_secret"
    }
  ],
  "results": {
    ".github/workflows/tests.yml": [
      {
        "type": "Secret Keyword",
        "filename": ".github/workflows/tests.yml",
        "hashed_secret": "2a92492ed367d1faa4abf5166a9825bc3fab6920",
        "is_verified": false,
        "line_number": 21
      },
      {
        "type": "Secret Keyword",
        "filename": ".github/workflows/tests.yml",
        "hashed_secret": "3d4aa37c2d7b6d7a15b44477372770968adfcbab",
        "is_verified": false,
        "line_number": 68
      }
    ],
    "bot/config.py": [
      {
        "type": "Secret Keyword",
        "filename": "bot/config.py",
        "hashed_secret": "632d8eb9ee5be70b5448c03a10544b62f577ad60",
        "is_verified": false,
        "line_number": 486
      }
    ],
    "tests/conftest.py": [
      {
        "type": "Secret Keyword",
        "filename": "tests/conftest.py",
        "hashed_secret": "9fb7fe1217aed442b04c0f5e43b5d5a7d3287097",
        "is_verified": false,
        "line_number": 301
      }
    ],
    "tests/test_greatshot_api_integration.py": [
      {
        "type": "Secret Keyword",
        "filename": "tests/test_greatshot_api_integration.py",
        "hashed_secret": "e67115eb5360da1d4625de9742486e9c264cb5bc",
        "is_verified": false,
        "line_number": 217
      }
    ],
    "tests/unit/auth_router_security_test.py": [
      {
        "type": "Secret Keyword",
        "filename": "tests/unit/auth_router_security_test.py",
        "hashed_secret": "e67115eb5360da1d4625de9742486e9c264cb5bc",
        "is_verified": false,
        "line_number": 18
      }
    ],
    "tests/unit/test_availability_router.py": [
      {
        "type": "Secret Keyword",
        "filename": "tests/unit/test_availability_router.py",
        "hashed_secret": "37eb56428ec7fde0f467f1c32c2acf4ecd53bb7c",
        "is_verified": false,
        "line_number": 299
      }
    ],
    "tests/unit/test_database_adapter.py": [
      {
        "type": "Secret Keyword",
        "filename": "tests/unit/test_database_adapter.py",
        "hashed_secret": "e8662cfb96bd9c7fe84c31d76819ec3a92c80e63",
        "is_verified": false,
        "line_number": 62
      }
    ],
    "website/backend/CLAUDE.md": [
      {
        "type": "Secret Keyword",
        "filename": "website/backend/CLAUDE.md",
        "hashed_secret": "8ef89d4ec254b3d0d0dea3f85ac6054850113fbe",
        "is_verified": false,
        "line_number": 67
      }
    ],
    "website/backend/main.py": [
      {
        "type": "Secret Keyword",
        "filename": "website/backend/main.py",
        "hashed_secret": "8ef89d4ec254b3d0d0dea3f85ac6054850113fbe",
        "is_verified": false,
        "line_number": 71
      }
    ],
    "website/setup_readonly_user.sql": [
      {
        "type": "Secret Keyword",
        "filename": "website/setup_readonly_user.sql",
        "hashed_secret": "1770c84c24a668109318f4fbdfda61a5f9780f44",
        "is_verified": false,
        "line_number": 10
      }
    ]
  },
  "generated_at": "2026-02-19T00:41:33Z"
}
